---
source: src/docs/mod.rs
expression: index()
---
stakk documentation topics:

  agents      Submitting without the TUI, written for coding agents
  auth        GitHub authentication: tokens, hosts, and troubleshooting
  config      Config files, precedence, and environment variables
  graph       The `stakk graph` document, field by field
  scripting   Driving stakk from a program: exit codes and a worked example
  stability   What semantic versioning covers, and what may change in any release
  template    Stack info placement and stack comment templates

Run `stakk docs <topic>` to print one.
The same documents live in docs/ at https://github.com/glennib/stakk
